exports[`test Should allow shrinking 1`] = `
<svg
  height={800}
  id="stage"
  width={800} />
------------HTML PREVIEW---------------
<svg id="stage"></svg>
`;

exports[`test Should allow shrinking 2`] = `
<svg
  height={800}
  id="stage"
  width={800} />
------------HTML PREVIEW---------------
<svg id="stage"></svg>
`;

exports[`test Should show the component 1`] = `
<svg
  height={800}
  id="stage"
  width={800} />
------------HTML PREVIEW---------------
<svg id="stage"></svg>
`;

exports[`test Should show the component 2`] = `
<svg
  height={800}
  id="stage"
  width={800} />
------------HTML PREVIEW---------------
<svg id="stage"></svg>
`;
